Creating test database for alias 'default' ('file:memorydb_default?mode=memory&cache=shared')...
Found 1 test(s).
Operations to perform:
  Synchronize unmigrated apps: messages, staticfiles
  Apply all migrations: admin, auth, chat, contenttypes, game, sessions, siege
Synchronizing apps without migrations:
  Creating tables...
    Running deferred SQL...
Running migrations:
  Applying contenttypes.0001_initial... OK
  Applying auth.0001_initial... OK
  Applying admin.0001_initial... OK
  Applying admin.0002_logentry_remove_auto_add... OK
  Applying admin.0003_logentry_add_action_flag_choices... OK
  Applying contenttypes.0002_remove_content_type_name... OK
  Applying auth.0002_alter_permission_name_max_length... OK
  Applying auth.0003_alter_user_email_max_length... OK
  Applying auth.0004_alter_user_username_opts... OK
  Applying auth.0005_alter_user_last_login_null... OK
  Applying auth.0006_require_contenttypes_0002... OK
  Applying auth.0007_alter_validators_add_error_messages... OK
  Applying auth.0008_alter_user_username_max_length... OK
  Applying auth.0009_alter_user_last_name_max_length... OK
  Applying auth.0010_alter_group_name_max_length... OK
  Applying auth.0011_update_proxy_permissions... OK
  Applying auth.0012_alter_user_first_name_max_length... OK
  Applying chat.0001_initial... OK
  Applying game.0001_initial... OK
  Applying game.0002_step_first_discovered_at... OK
  Applying sessions.0001_initial... OK
  Applying siege.0001_initial... OK
  Applying siege.0002_alter_siegeprofile_user... OK
  Applying siege.0003_siegeprofile_default_army_and_more... OK
  Applying siege.0004_unittype... OK
  Applying siege.0005_auto_20251122_2240...test_resolve_battle_attacker_wins (siege.tests.SiegeLogicTests.test_resolve_battle_attacker_wins)
Test attacker wins. ... FAIL

======================================================================
FAIL: test_resolve_battle_attacker_wins (siege.tests.SiegeLogicTests.test_resolve_battle_attacker_wins)
Test attacker wins.
----------------------------------------------------------------------
Traceback (most recent call last):
  File "C:\Users\ornit\Documents\testia\treasurehunt\siege\tests.py", line 112, in test_resolve_battle_attacker_wins
    self.assertEqual(self.attacker.siege_profile.gold, 120)
    ~~~~~~~~~~~~~~~~^^^^^^^^^^^^^^^^^^^^^^^^^^^^^^^^^^^^^^^
AssertionError: 150 != 120

----------------------------------------------------------------------
Ran 1 test in 1.495s

FAILED (failures=1)
Destroying test database for alias 'default' ('file:memorydb_default?mode=memory&cache=shared')...
 OK
System check identified no issues (0 silenced).
