Found 1 test(s).
System check identified no issues (0 silenced).
Chasse cr��e : Import Hunt (2 �tapes)
